======================================================================
CONUS GGap Simulation
======================================================================
Job ID: 4447217
Nodes: 20
Tasks per node: 8 (GPUs)
Total ranks: 160
Start time: Wed Apr 22 04:58:39 PM EDT 2026
======================================================================
Loading modules...

======================================================================
Production Parameters:
  Dispersal factor: 2.0
  Gaps per site: 500
  Max trees per gap: 1000
  Simulation years: 1000
  Report interval: 10 years (100 data snapshots)
  Sites: 1424 CONUS sites distributed across 160 ranks
======================================================================

[Rank 0] ================================================================================
[Rank 0] Phase 1: Loading CONUS Data
[Rank 0] --------------------------------------------------------------------------------
[Rank 0]   Loaded 1424 sites from CONUS_site.csv
[Rank 0]   Loaded 235 species from CONUS_rangelist.csv
[Rank 0]   Data loading completed in 0.07s
[Rank 0] 
Phase 2: Building Directed Dispersal Graph
[Rank 0] --------------------------------------------------------------------------------
[Rank 0]   Dispersal factor: 2.0
[Rank 0]   Directed edges: 11371
[Rank 0]   Graph built in 1.23s
[Rank 0] 
Phase 3: METIS Graph Partitioning
[Rank 0] --------------------------------------------------------------------------------
[Rank 0]   Undirected edges: 5741
[Rank 0]   Partitioned 1424 sites into 160 partitions
[Rank 0]   Partitioning completed in 0.05s
[Rank 0]   Sites per partition: min=7, max=10, avg=8.9
[Rank 0] 
================================================================================
[Rank 0] Phase 4: Initializing Simulation
[Rank 0] --------------------------------------------------------------------------------
[Rank 0]   Loading global species and site data...
[Rank 82]   Rank 82: assigned 9 sites
[Rank 82]   Rank 82: initializing sites with 500 gaps, 1000 maxtrees each...
[Rank 133]   Rank 133: assigned 9 sites
[Rank 133]   Rank 133: initializing sites with 500 gaps, 1000 maxtrees each...
[Rank 128]   Rank 128: assigned 9 sites
[Rank 128]   Rank 128: initializing sites with 500 gaps, 1000 maxtrees each...
[Rank 129]   Rank 129: assigned 9 sites
[Rank 129]   Rank 129: initializing sites with 500 gaps, 1000 maxtrees each...
[Rank 84]   Rank 84: assigned 9 sites
[Rank 84]   Rank 84: initializing sites with 500 gaps, 1000 maxtrees each...
[Rank 131]   Rank 131: assigned 9 sites
[Rank 131]   Rank 131: initializing sites with 500 gaps, 1000 maxtrees each...
[Rank 132]   Rank 132: assigned 9 sites
[Rank 132]   Rank 132: initializing sites with 500 gaps, 1000 maxtrees each...
[Rank 134]   Rank 134: assigned 9 sites
[Rank 134]   Rank 134: initializing sites with 500 gaps, 1000 maxtrees each...
[Rank 86]   Rank 86: assigned 9 sites
[Rank 86]   Rank 86: initializing sites with 500 gaps, 1000 maxtrees each...
[Rank 90]   Rank 90: assigned 9 sites
[Rank 90]   Rank 90: initializing sites with 500 gaps, 1000 maxtrees each...
[Rank 135]   Rank 135: assigned 9 sites
[Rank 135]   Rank 135: initializing sites with 500 gaps, 1000 maxtrees each...
[Rank 80]   Rank 80: assigned 9 sites
[Rank 80]   Rank 80: initializing sites with 500 gaps, 1000 maxtrees each...
[Rank 81]   Rank 81: assigned 9 sites
[Rank 81]   Rank 81: initializing sites with 500 gaps, 1000 maxtrees each...
[Rank 109]   Rank 109: assigned 9 sites
[Rank 109]   Rank 109: initializing sites with 500 gaps, 1000 maxtrees each...
[Rank 130]   Rank 130: assigned 9 sites
[Rank 130]   Rank 130: initializing sites with 500 gaps, 1000 maxtrees each...
[Rank 94]   Rank 94: assigned 9 sites
[Rank 94]   Rank 94: initializing sites with 500 gaps, 1000 maxtrees each...
[Rank 95]   Rank 95: assigned 9 sites
[Rank 95]   Rank 95: initializing sites with 500 gaps, 1000 maxtrees each...
[Rank 83]   Rank 83: assigned 9 sites
[Rank 83]   Rank 83: initializing sites with 500 gaps, 1000 maxtrees each...
[Rank 92]   Rank 92: assigned 9 sites
[Rank 92]   Rank 92: initializing sites with 500 gaps, 1000 maxtrees each...
[Rank 93]   Rank 93: assigned 8 sites
[Rank 93]   Rank 93: initializing sites with 500 gaps, 1000 maxtrees each...
[Rank 87]   Rank 87: assigned 9 sites
[Rank 87]   Rank 87: initializing sites with 500 gaps, 1000 maxtrees each...
[Rank 45]   Rank 45: assigned 8 sites
[Rank 45]   Rank 45: initializing sites with 500 gaps, 1000 maxtrees each...
[Rank 44]   Rank 44: assigned 9 sites
[Rank 44]   Rank 44: initializing sites with 500 gaps, 1000 maxtrees each...
[Rank 85]   Rank 85: assigned 8 sites
[Rank 85]   Rank 85: initializing sites with 500 gaps, 1000 maxtrees each...
[Rank 91]   Rank 91: assigned 8 sites
[Rank 91]   Rank 91: initializing sites with 500 gaps, 1000 maxtrees each...
[Rank 88]   Rank 88: assigned 9 sites
[Rank 88]   Rank 88: initializing sites with 500 gaps, 1000 maxtrees each...
[Rank 104]   Rank 104: assigned 9 sites
[Rank 104]   Rank 104: initializing sites with 500 gaps, 1000 maxtrees each...
[Rank 89]   Rank 89: assigned 9 sites
[Rank 89]   Rank 89: initializing sites with 500 gaps, 1000 maxtrees each...
[Rank 108]   Rank 108: assigned 8 sites
[Rank 108]   Rank 108: initializing sites with 500 gaps, 1000 maxtrees each...
[Rank 41]   Rank 41: assigned 9 sites
[Rank 41]   Rank 41: initializing sites with 500 gaps, 1000 maxtrees each...
[Rank 40]   Rank 40: assigned 9 sites
[Rank 40]   Rank 40: initializing sites with 500 gaps, 1000 maxtrees each...
[Rank 110]   Rank 110: assigned 9 sites
[Rank 110]   Rank 110: initializing sites with 500 gaps, 1000 maxtrees each...
[Rank 47]   Rank 47: assigned 9 sites
[Rank 47]   Rank 47: initializing sites with 500 gaps, 1000 maxtrees each...
[Rank 106]   Rank 106: assigned 9 sites
[Rank 106]   Rank 106: initializing sites with 500 gaps, 1000 maxtrees each...
[Rank 111]   Rank 111: assigned 9 sites
[Rank 111]   Rank 111: initializing sites with 500 gaps, 1000 maxtrees each...
[Rank 107]   Rank 107: assigned 9 sites
[Rank 107]   Rank 107: initializing sites with 500 gaps, 1000 maxtrees each...
[Rank 43]   Rank 43: assigned 9 sites
[Rank 43]   Rank 43: initializing sites with 500 gaps, 1000 maxtrees each...
[Rank 155]   Rank 155: assigned 9 sites
[Rank 155]   Rank 155: initializing sites with 500 gaps, 1000 maxtrees each...
[Rank 139]   Rank 139: assigned 9 sites
[Rank 139]   Rank 139: initializing sites with 500 gaps, 1000 maxtrees each...
[Rank 97]   Rank 97: assigned 9 sites
[Rank 97]   Rank 97: initializing sites with 500 gaps, 1000 maxtrees each...
[Rank 100]   Rank 100: assigned 9 sites
[Rank 100]   Rank 100: initializing sites with 500 gaps, 1000 maxtrees each...
[Rank 46]   Rank 46: assigned 9 sites
[Rank 46]   Rank 46: initializing sites with 500 gaps, 1000 maxtrees each...
[Rank 137]   Rank 137: assigned 9 sites
[Rank 137]   Rank 137: initializing sites with 500 gaps, 1000 maxtrees each...
[Rank 141]   Rank 141: assigned 8 sites
[Rank 141]   Rank 141: initializing sites with 500 gaps, 1000 maxtrees each...
[Rank 156]   Rank 156: assigned 9 sites
[Rank 156]   Rank 156: initializing sites with 500 gaps, 1000 maxtrees each...
[Rank 101]   Rank 101: assigned 9 sites
[Rank 101]   Rank 101: initializing sites with 500 gaps, 1000 maxtrees each...
[Rank 138]   Rank 138: assigned 9 sites
[Rank 138]   Rank 138: initializing sites with 500 gaps, 1000 maxtrees each...
[Rank 140]   Rank 140: assigned 8 sites
[Rank 140]   Rank 140: initializing sites with 500 gaps, 1000 maxtrees each...
[Rank 136]   Rank 136: assigned 9 sites
[Rank 136]   Rank 136: initializing sites with 500 gaps, 1000 maxtrees each...
[Rank 42]   Rank 42: assigned 9 sites
[Rank 42]   Rank 42: initializing sites with 500 gaps, 1000 maxtrees each...
[Rank 98]   Rank 98: assigned 9 sites
[Rank 98]   Rank 98: initializing sites with 500 gaps, 1000 maxtrees each...
[Rank 152]   Rank 152: assigned 9 sites
[Rank 152]   Rank 152: initializing sites with 500 gaps, 1000 maxtrees each...
[Rank 154]   Rank 154: assigned 9 sites
[Rank 154]   Rank 154: initializing sites with 500 gaps, 1000 maxtrees each...
[Rank 157]   Rank 157: assigned 8 sites
[Rank 157]   Rank 157: initializing sites with 500 gaps, 1000 maxtrees each...
[Rank 143]   Rank 143: assigned 9 sites
[Rank 143]   Rank 143: initializing sites with 500 gaps, 1000 maxtrees each...
[Rank 153]   Rank 153: assigned 9 sites
[Rank 153]   Rank 153: initializing sites with 500 gaps, 1000 maxtrees each...
[Rank 158]   Rank 158: assigned 9 sites
[Rank 158]   Rank 158: initializing sites with 500 gaps, 1000 maxtrees each...
[Rank 99]   Rank 99: assigned 9 sites
[Rank 99]   Rank 99: initializing sites with 500 gaps, 1000 maxtrees each...
[Rank 103]   Rank 103: assigned 9 sites
[Rank 103]   Rank 103: initializing sites with 500 gaps, 1000 maxtrees each...
[Rank 96]   Rank 96: assigned 9 sites
[Rank 96]   Rank 96: initializing sites with 500 gaps, 1000 maxtrees each...
[Rank 37]   Rank 37: assigned 9 sites
[Rank 37]   Rank 37: initializing sites with 500 gaps, 1000 maxtrees each...
[Rank 142]   Rank 142: assigned 9 sites
[Rank 142]   Rank 142: initializing sites with 500 gaps, 1000 maxtrees each...
[Rank 3]   Rank 3: assigned 9 sites
[Rank 3]   Rank 3: initializing sites with 500 gaps, 1000 maxtrees each...
[Rank 5]   Rank 5: assigned 9 sites
[Rank 5]   Rank 5: initializing sites with 500 gaps, 1000 maxtrees each...
[Rank 1]   Rank 1: assigned 9 sites
[Rank 1]   Rank 1: initializing sites with 500 gaps, 1000 maxtrees each...
[Rank 2]   Rank 2: assigned 9 sites
[Rank 2]   Rank 2: initializing sites with 500 gaps, 1000 maxtrees each...
[Rank 39]   Rank 39: assigned 8 sites
[Rank 39]   Rank 39: initializing sites with 500 gaps, 1000 maxtrees each...
[Rank 4]   Rank 4: assigned 9 sites
[Rank 4]   Rank 4: initializing sites with 500 gaps, 1000 maxtrees each...
[Rank 0]   Rank 0: assigned 10 sites
[Rank 0]   Rank 0: initializing sites with 500 gaps, 1000 maxtrees each...
[Rank 32]   Rank 32: assigned 9 sites
[Rank 32]   Rank 32: initializing sites with 500 gaps, 1000 maxtrees each...
[Rank 35]   Rank 35: assigned 9 sites
[Rank 35]   Rank 35: initializing sites with 500 gaps, 1000 maxtrees each...
[Rank 61]   Rank 61: assigned 7 sites
[Rank 61]   Rank 61: initializing sites with 500 gaps, 1000 maxtrees each...
[Rank 38]   Rank 38: assigned 9 sites
[Rank 38]   Rank 38: initializing sites with 500 gaps, 1000 maxtrees each...
[Rank 33]   Rank 33: assigned 9 sites
[Rank 33]   Rank 33: initializing sites with 500 gaps, 1000 maxtrees each...
[Rank 7]   Rank 7: assigned 9 sites
[Rank 7]   Rank 7: initializing sites with 500 gaps, 1000 maxtrees each...
[Rank 34]   Rank 34: assigned 9 sites
[Rank 34]   Rank 34: initializing sites with 500 gaps, 1000 maxtrees each...
[Rank 6]   Rank 6: assigned 9 sites
[Rank 6]   Rank 6: initializing sites with 500 gaps, 1000 maxtrees each...
[Rank 59]   Rank 59: assigned 9 sites
[Rank 59]   Rank 59: initializing sites with 500 gaps, 1000 maxtrees each...
[Rank 60]   Rank 60: assigned 9 sites
[Rank 60]   Rank 60: initializing sites with 500 gaps, 1000 maxtrees each...
[Rank 63]   Rank 63: assigned 8 sites
[Rank 63]   Rank 63: initializing sites with 500 gaps, 1000 maxtrees each...
[Rank 124]   Rank 124: assigned 9 sites
[Rank 124]   Rank 124: initializing sites with 500 gaps, 1000 maxtrees each...
[Rank 58]   Rank 58: assigned 9 sites
[Rank 58]   Rank 58: initializing sites with 500 gaps, 1000 maxtrees each...
[Rank 62]   Rank 62: assigned 9 sites
[Rank 62]   Rank 62: initializing sites with 500 gaps, 1000 maxtrees each...
[Rank 56]   Rank 56: assigned 9 sites
[Rank 56]   Rank 56: initializing sites with 500 gaps, 1000 maxtrees each...
[Rank 125]   Rank 125: assigned 9 sites
[Rank 125]   Rank 125: initializing sites with 500 gaps, 1000 maxtrees each...
[Rank 127]   Rank 127: assigned 9 sites
[Rank 127]   Rank 127: initializing sites with 500 gaps, 1000 maxtrees each...
[Rank 120]   Rank 120: assigned 9 sites
[Rank 120]   Rank 120: initializing sites with 500 gaps, 1000 maxtrees each...
[Rank 122]   Rank 122: assigned 9 sites
[Rank 122]   Rank 122: initializing sites with 500 gaps, 1000 maxtrees each...
[Rank 121]   Rank 121: assigned 9 sites
[Rank 121]   Rank 121: initializing sites with 500 gaps, 1000 maxtrees each...
[Rank 123]   Rank 123: assigned 9 sites
[Rank 123]   Rank 123: initializing sites with 500 gaps, 1000 maxtrees each...
[Rank 36]   Rank 36: assigned 9 sites
[Rank 36]   Rank 36: initializing sites with 500 gaps, 1000 maxtrees each...
[Rank 57]   Rank 57: assigned 9 sites
[Rank 57]   Rank 57: initializing sites with 500 gaps, 1000 maxtrees each...
[Rank 149]   Rank 149: assigned 9 sites
[Rank 149]   Rank 149: initializing sites with 500 gaps, 1000 maxtrees each...
[Rank 150]   Rank 150: assigned 9 sites
[Rank 150]   Rank 150: initializing sites with 500 gaps, 1000 maxtrees each...
[Rank 144]   Rank 144: assigned 9 sites
[Rank 144]   Rank 144: initializing sites with 500 gaps, 1000 maxtrees each...
[Rank 151]   Rank 151: assigned 8 sites
[Rank 151]   Rank 151: initializing sites with 500 gaps, 1000 maxtrees each...
[Rank 148]   Rank 148: assigned 9 sites
[Rank 148]   Rank 148: initializing sites with 500 gaps, 1000 maxtrees each...
[Rank 16]   Rank 16: assigned 9 sites
[Rank 16]   Rank 16: initializing sites with 500 gaps, 1000 maxtrees each...
[Rank 19]   Rank 19: assigned 9 sites
[Rank 19]   Rank 19: initializing sites with 500 gaps, 1000 maxtrees each...
[Rank 147]   Rank 147: assigned 9 sites
[Rank 147]   Rank 147: initializing sites with 500 gaps, 1000 maxtrees each...
[Rank 21]   Rank 21: assigned 9 sites
[Rank 21]   Rank 21: initializing sites with 500 gaps, 1000 maxtrees each...
[Rank 18]   Rank 18: assigned 9 sites
[Rank 18]   Rank 18: initializing sites with 500 gaps, 1000 maxtrees each...
[Rank 22]   Rank 22: assigned 9 sites
[Rank 22]   Rank 22: initializing sites with 500 gaps, 1000 maxtrees each...
[Rank 23]   Rank 23: assigned 9 sites
[Rank 23]   Rank 23: initializing sites with 500 gaps, 1000 maxtrees each...
[Rank 17]   Rank 17: assigned 9 sites
[Rank 17]   Rank 17: initializing sites with 500 gaps, 1000 maxtrees each...
[Rank 76]   Rank 76: assigned 9 sites
[Rank 76]   Rank 76: initializing sites with 500 gaps, 1000 maxtrees each...
[Rank 20]   Rank 20: assigned 9 sites
[Rank 20]   Rank 20: initializing sites with 500 gaps, 1000 maxtrees each...
[Rank 126]   Rank 126: assigned 9 sites
[Rank 126]   Rank 126: initializing sites with 500 gaps, 1000 maxtrees each...
[Rank 145]   Rank 145: assigned 9 sites
[Rank 145]   Rank 145: initializing sites with 500 gaps, 1000 maxtrees each...
[Rank 74]   Rank 74: assigned 8 sites
[Rank 74]   Rank 74: initializing sites with 500 gaps, 1000 maxtrees each...
[Rank 73]   Rank 73: assigned 9 sites
[Rank 73]   Rank 73: initializing sites with 500 gaps, 1000 maxtrees each...
[Rank 79]   Rank 79: assigned 9 sites
[Rank 79]   Rank 79: initializing sites with 500 gaps, 1000 maxtrees each...
[Rank 75]   Rank 75: assigned 8 sites
[Rank 75]   Rank 75: initializing sites with 500 gaps, 1000 maxtrees each...
[Rank 78]   Rank 78: assigned 9 sites
[Rank 78]   Rank 78: initializing sites with 500 gaps, 1000 maxtrees each...
[Rank 77]   Rank 77: assigned 8 sites
[Rank 77]   Rank 77: initializing sites with 500 gaps, 1000 maxtrees each...
[Rank 72]   Rank 72: assigned 9 sites
[Rank 72]   Rank 72: initializing sites with 500 gaps, 1000 maxtrees each...
[Rank 8]   Rank 8: assigned 9 sites
[Rank 8]   Rank 8: initializing sites with 500 gaps, 1000 maxtrees each...
[Rank 11]   Rank 11: assigned 10 sites
[Rank 11]   Rank 11: initializing sites with 500 gaps, 1000 maxtrees each...
[Rank 13]   Rank 13: assigned 9 sites
[Rank 13]   Rank 13: initializing sites with 500 gaps, 1000 maxtrees each...
[Rank 9]   Rank 9: assigned 9 sites
[Rank 9]   Rank 9: initializing sites with 500 gaps, 1000 maxtrees each...
[Rank 14]   Rank 14: assigned 9 sites
[Rank 14]   Rank 14: initializing sites with 500 gaps, 1000 maxtrees each...
[Rank 10]   Rank 10: assigned 9 sites
[Rank 10]   Rank 10: initializing sites with 500 gaps, 1000 maxtrees each...
[Rank 12]   Rank 12: assigned 9 sites
[Rank 12]   Rank 12: initializing sites with 500 gaps, 1000 maxtrees each...
[Rank 15]   Rank 15: assigned 9 sites
[Rank 15]   Rank 15: initializing sites with 500 gaps, 1000 maxtrees each...
[Rank 102]   Rank 102: assigned 9 sites
[Rank 102]   Rank 102: initializing sites with 500 gaps, 1000 maxtrees each...
[Rank 114]   Rank 114: assigned 9 sites
[Rank 114]   Rank 114: initializing sites with 500 gaps, 1000 maxtrees each...
[Rank 116]   Rank 116: assigned 9 sites
[Rank 116]   Rank 116: initializing sites with 500 gaps, 1000 maxtrees each...
[Rank 117]   Rank 117: assigned 9 sites
[Rank 117]   Rank 117: initializing sites with 500 gaps, 1000 maxtrees each...
[Rank 112]   Rank 112: assigned 9 sites
[Rank 112]   Rank 112: initializing sites with 500 gaps, 1000 maxtrees each...
[Rank 115]   Rank 115: assigned 9 sites
[Rank 115]   Rank 115: initializing sites with 500 gaps, 1000 maxtrees each...
[Rank 119]   Rank 119: assigned 9 sites
[Rank 119]   Rank 119: initializing sites with 500 gaps, 1000 maxtrees each...
[Rank 113]   Rank 113: assigned 9 sites
[Rank 113]   Rank 113: initializing sites with 500 gaps, 1000 maxtrees each...
[Rank 118]   Rank 118: assigned 9 sites
[Rank 118]   Rank 118: initializing sites with 500 gaps, 1000 maxtrees each...
[Rank 159]   Rank 159: assigned 9 sites
[Rank 159]   Rank 159: initializing sites with 500 gaps, 1000 maxtrees each...
[Rank 27]   Rank 27: assigned 9 sites
[Rank 27]   Rank 27: initializing sites with 500 gaps, 1000 maxtrees each...
[Rank 49]   Rank 49: assigned 9 sites
[Rank 49]   Rank 49: initializing sites with 500 gaps, 1000 maxtrees each...
[Rank 29]   Rank 29: assigned 10 sites
[Rank 29]   Rank 29: initializing sites with 500 gaps, 1000 maxtrees each...
[Rank 28]   Rank 28: assigned 9 sites
[Rank 28]   Rank 28: initializing sites with 500 gaps, 1000 maxtrees each...
[Rank 31]   Rank 31: assigned 9 sites
[Rank 31]   Rank 31: initializing sites with 500 gaps, 1000 maxtrees each...
[Rank 30]   Rank 30: assigned 9 sites
[Rank 30]   Rank 30: initializing sites with 500 gaps, 1000 maxtrees each...
[Rank 51]   Rank 51: assigned 9 sites
[Rank 51]   Rank 51: initializing sites with 500 gaps, 1000 maxtrees each...
[Rank 50]   Rank 50: assigned 9 sites
[Rank 50]   Rank 50: initializing sites with 500 gaps, 1000 maxtrees each...
[Rank 48]   Rank 48: assigned 9 sites
[Rank 48]   Rank 48: initializing sites with 500 gaps, 1000 maxtrees each...
[Rank 24]   Rank 24: assigned 9 sites
[Rank 24]   Rank 24: initializing sites with 500 gaps, 1000 maxtrees each...
[Rank 25]   Rank 25: assigned 9 sites
[Rank 25]   Rank 25: initializing sites with 500 gaps, 1000 maxtrees each...
[Rank 52]   Rank 52: assigned 8 sites
[Rank 52]   Rank 52: initializing sites with 500 gaps, 1000 maxtrees each...
[Rank 55]   Rank 55: assigned 9 sites
[Rank 55]   Rank 55: initializing sites with 500 gaps, 1000 maxtrees each...
[Rank 26]   Rank 26: assigned 9 sites
[Rank 26]   Rank 26: initializing sites with 500 gaps, 1000 maxtrees each...
[Rank 53]   Rank 53: assigned 9 sites
[Rank 53]   Rank 53: initializing sites with 500 gaps, 1000 maxtrees each...
[Rank 54]   Rank 54: assigned 9 sites
[Rank 54]   Rank 54: initializing sites with 500 gaps, 1000 maxtrees each...
[Rank 66]   Rank 66: assigned 9 sites
[Rank 66]   Rank 66: initializing sites with 500 gaps, 1000 maxtrees each...
[Rank 69]   Rank 69: assigned 9 sites
[Rank 69]   Rank 69: initializing sites with 500 gaps, 1000 maxtrees each...
[Rank 64]   Rank 64: assigned 9 sites
[Rank 64]   Rank 64: initializing sites with 500 gaps, 1000 maxtrees each...
[Rank 70]   Rank 70: assigned 9 sites
[Rank 70]   Rank 70: initializing sites with 500 gaps, 1000 maxtrees each...
[Rank 68]   Rank 68: assigned 9 sites
[Rank 68]   Rank 68: initializing sites with 500 gaps, 1000 maxtrees each...
[Rank 67]   Rank 67: assigned 9 sites
[Rank 67]   Rank 67: initializing sites with 500 gaps, 1000 maxtrees each...
[Rank 65]   Rank 65: assigned 9 sites
[Rank 65]   Rank 65: initializing sites with 500 gaps, 1000 maxtrees each...
[Rank 71]   Rank 71: assigned 8 sites
[Rank 71]   Rank 71: initializing sites with 500 gaps, 1000 maxtrees each...
[Rank 146]   Rank 146: assigned 9 sites
[Rank 146]   Rank 146: initializing sites with 500 gaps, 1000 maxtrees each...
[Rank 105]   Rank 105: assigned 8 sites
[Rank 105]   Rank 105: initializing sites with 500 gaps, 1000 maxtrees each...
[Rank 61]   Rank 61: site initialization completed in 26.64s
[Rank 77]   Rank 77: site initialization completed in 30.02s
[Rank 45]   Rank 45: site initialization completed in 30.55s
[Rank 52]   Rank 52: site initialization completed in 30.86s
[Rank 140]   Rank 140: site initialization completed in 31.00s
[Rank 141]   Rank 141: site initialization completed in 31.07s
[Rank 74]   Rank 74: site initialization completed in 31.08s
[Rank 157]   Rank 157: site initialization completed in 31.17s
[Rank 71]   Rank 71: site initialization completed in 31.41s
[Rank 85]   Rank 85: site initialization completed in 31.70s
[Rank 75]   Rank 75: site initialization completed in 31.86s
[Rank 151]   Rank 151: site initialization completed in 32.10s
[Rank 108]   Rank 108: site initialization completed in 32.12s
[Rank 105]   Rank 105: site initialization completed in 32.21s
[Rank 63]   Rank 63: site initialization completed in 32.40s
[Rank 39]   Rank 39: site initialization completed in 32.45s
[Rank 93]   Rank 93: site initialization completed in 32.47s
[Rank 91]   Rank 91: site initialization completed in 32.67s
[Rank 79]   Rank 79: site initialization completed in 33.11s
[Rank 76]   Rank 76: site initialization completed in 33.20s
[Rank 44]   Rank 44: site initialization completed in 33.40s
[Rank 73]   Rank 73: site initialization completed in 33.53s
[Rank 82]   Rank 82: site initialization completed in 33.62s
[Rank 56]   Rank 56: site initialization completed in 34.15s
[Rank 3]   Rank 3: site initialization completed in 34.18s
[Rank 2]   Rank 2: site initialization completed in 34.20s
[Rank 4]   Rank 4: site initialization completed in 34.27s
[Rank 42]   Rank 42: site initialization completed in 34.31s
[Rank 7]   Rank 7: site initialization completed in 34.31s
[Rank 5]   Rank 5: site initialization completed in 34.35s
[Rank 1]   Rank 1: site initialization completed in 34.43s
[Rank 6]   Rank 6: site initialization completed in 34.48s
[Rank 32]   Rank 32: site initialization completed in 34.99s
[Rank 13]   Rank 13: site initialization completed in 35.09s
[Rank 20]   Rank 20: site initialization completed in 35.12s
[Rank 127]   Rank 127: site initialization completed in 35.18s
[Rank 19]   Rank 19: site initialization completed in 35.24s
[Rank 72]   Rank 72: site initialization completed in 35.27s
[Rank 51]   Rank 51: site initialization completed in 35.31s
[Rank 41]   Rank 41: site initialization completed in 35.34s
[Rank 16]   Rank 16: site initialization completed in 35.33s
[Rank 17]   Rank 17: site initialization completed in 35.34s
[Rank 83]   Rank 83: site initialization completed in 35.44s
[Rank 14]   Rank 14: site initialization completed in 35.44s
[Rank 53]   Rank 53: site initialization completed in 35.51s
[Rank 128]   Rank 128: site initialization completed in 35.56s
[Rank 15]   Rank 15: site initialization completed in 35.55s
[Rank 18]   Rank 18: site initialization completed in 35.57s
[Rank 155]   Rank 155: site initialization completed in 35.61s
[Rank 70]   Rank 70: site initialization completed in 35.57s
[Rank 37]   Rank 37: site initialization completed in 35.62s
[Rank 33]   Rank 33: site initialization completed in 35.67s
[Rank 22]   Rank 22: site initialization completed in 35.66s
[Rank 156]   Rank 156: site initialization completed in 35.70s
[Rank 81]   Rank 81: site initialization completed in 35.74s
[Rank 12]   Rank 12: site initialization completed in 35.71s
[Rank 49]   Rank 49: site initialization completed in 35.74s
[Rank 21]   Rank 21: site initialization completed in 35.80s
[Rank 9]   Rank 9: site initialization completed in 35.80s
[Rank 28]   Rank 28: site initialization completed in 35.80s
[Rank 146]   Rank 146: site initialization completed in 35.78s
[Rank 8]   Rank 8: site initialization completed in 35.85s
[Rank 48]   Rank 48: site initialization completed in 35.86s
[Rank 26]   Rank 26: site initialization completed in 35.89s
[Rank 31]   Rank 31: site initialization completed in 35.92s
[Rank 27]   Rank 27: site initialization completed in 35.95s
[Rank 84]   Rank 84: site initialization completed in 35.98s
[Rank 58]   Rank 58: site initialization completed in 36.00s
[Rank 78]   Rank 78: site initialization completed in 35.99s
[Rank 142]   Rank 142: site initialization completed in 36.04s
[Rank 23]   Rank 23: site initialization completed in 36.03s
[Rank 158]   Rank 158: site initialization completed in 36.06s
[Rank 152]   Rank 152: site initialization completed in 36.08s
[Rank 30]   Rank 30: site initialization completed in 36.07s
[Rank 129]   Rank 129: site initialization completed in 36.11s
[Rank 154]   Rank 154: site initialization completed in 36.11s
[Rank 24]   Rank 24: site initialization completed in 36.12s
[Rank 36]   Rank 36: site initialization completed in 36.19s
[Rank 80]   Rank 80: site initialization completed in 36.22s
[Rank 59]   Rank 59: site initialization completed in 36.22s
[Rank 137]   Rank 137: site initialization completed in 36.26s
[Rank 55]   Rank 55: site initialization completed in 36.29s
[Rank 43]   Rank 43: site initialization completed in 36.35s
[Rank 38]   Rank 38: site initialization completed in 36.35s
[Rank 126]   Rank 126: site initialization completed in 36.37s
[Rank 47]   Rank 47: site initialization completed in 36.40s
[Rank 10]   Rank 10: site initialization completed in 36.38s
[Rank 153]   Rank 153: site initialization completed in 36.41s
[Rank 50]   Rank 50: site initialization completed in 36.46s
[Rank 120]   Rank 120: site initialization completed in 36.48s
[Rank 143]   Rank 143: site initialization completed in 36.50s
[Rank 54]   Rank 54: site initialization completed in 36.49s
[Rank 136]   Rank 136: site initialization completed in 36.51s
[Rank 159]   Rank 159: site initialization completed in 36.50s
[Rank 87]   Rank 87: site initialization completed in 36.56s
[Rank 25]   Rank 25: site initialization completed in 36.54s
[Rank 147]   Rank 147: site initialization completed in 36.56s
[Rank 103]   Rank 103: site initialization completed in 36.61s
[Rank 144]   Rank 144: site initialization completed in 36.60s
[Rank 135]   Rank 135: site initialization completed in 36.63s
[Rank 122]   Rank 122: site initialization completed in 36.67s
[Rank 100]   Rank 100: site initialization completed in 36.68s
[Rank 150]   Rank 150: site initialization completed in 36.67s
[Rank 96]   Rank 96: site initialization completed in 36.71s
[Rank 116]   Rank 116: site initialization completed in 36.72s
[Rank 104]   Rank 104: site initialization completed in 36.76s
[Rank 149]   Rank 149: site initialization completed in 36.76s
[Rank 46]   Rank 46: site initialization completed in 36.78s
[Rank 121]   Rank 121: site initialization completed in 36.77s
[Rank 86]   Rank 86: site initialization completed in 36.79s
[Rank 115]   Rank 115: site initialization completed in 36.75s
[Rank 60]   Rank 60: site initialization completed in 36.79s
[Rank 133]   Rank 133: site initialization completed in 36.81s
[Rank 34]   Rank 34: site initialization completed in 36.83s
[Rank 118]   Rank 118: site initialization completed in 36.82s
[Rank 123]   Rank 123: site initialization completed in 36.85s
[Rank 125]   Rank 125: site initialization completed in 36.86s
[Rank 130]   Rank 130: site initialization completed in 36.89s
[Rank 148]   Rank 148: site initialization completed in 36.89s
[Rank 101]   Rank 101: site initialization completed in 36.91s
[Rank 90]   Rank 90: site initialization completed in 36.92s
[Rank 145]   Rank 145: site initialization completed in 36.90s
[Rank 117]   Rank 117: site initialization completed in 36.90s
[Rank 40]   Rank 40: site initialization completed in 36.94s
[Rank 64]   Rank 64: site initialization completed in 36.90s
[Rank 131]   Rank 131: site initialization completed in 36.96s
[Rank 62]   Rank 62: site initialization completed in 36.97s
[Rank 97]   Rank 97: site initialization completed in 36.99s
[Rank 132]   Rank 132: site initialization completed in 37.02s
[Rank 119]   Rank 119: site initialization completed in 37.09s
[Rank 88]   Rank 88: site initialization completed in 37.13s
[Rank 106]   Rank 106: site initialization completed in 37.14s
[Rank 134]   Rank 134: site initialization completed in 37.14s
[Rank 95]   Rank 95: site initialization completed in 37.15s
[Rank 139]   Rank 139: site initialization completed in 37.17s
[Rank 67]   Rank 67: site initialization completed in 37.13s
[Rank 35]   Rank 35: site initialization completed in 37.22s
[Rank 109]   Rank 109: site initialization completed in 37.26s
[Rank 124]   Rank 124: site initialization completed in 37.28s
[Rank 112]   Rank 112: site initialization completed in 37.30s
[Rank 98]   Rank 98: site initialization completed in 37.33s
[Rank 110]   Rank 110: site initialization completed in 37.34s
[Rank 68]   Rank 68: site initialization completed in 37.35s
[Rank 114]   Rank 114: site initialization completed in 37.37s
[Rank 99]   Rank 99: site initialization completed in 37.41s
[Rank 111]   Rank 111: site initialization completed in 37.42s
[Rank 113]   Rank 113: site initialization completed in 37.39s
[Rank 89]   Rank 89: site initialization completed in 37.44s
[Rank 69]   Rank 69: site initialization completed in 37.44s
[Rank 107]   Rank 107: site initialization completed in 37.60s
[Rank 65]   Rank 65: site initialization completed in 37.59s
[Rank 138]   Rank 138: site initialization completed in 37.64s
[Rank 66]   Rank 66: site initialization completed in 37.74s
[Rank 94]   Rank 94: site initialization completed in 37.81s
[Rank 92]   Rank 92: site initialization completed in 38.01s
[Rank 57]   Rank 57: site initialization completed in 38.09s
[Rank 102]   Rank 102: site initialization completed in 38.10s
[Rank 29]   Rank 29: site initialization completed in 38.55s
[Rank 0]   Rank 0: site initialization completed in 38.57s
[Rank 0]   Connecting sites for seed dispersal...
[Rank 0]   Site connections completed in 0.00s
[Rank 0]   Setting up GPU kernels...
[Rank 11]   Rank 11: site initialization completed in 39.03s
[Rank 0]   GPU setup completed in 4.46s
[Rank 0] 
--------------------------------------------------------------------------------
[Rank 0] Initialization Summary:
[Rank 0]   Total sites: 1424
[Rank 0]   Total gaps: 712,000
[Rank 0]   Sites per rank (avg): 8.9
[Rank 0]   MPI ranks: 160
[Rank 0] 
================================================================================
[Rank 0] Phase 5: Running Simulation for 1000 Years
[Rank 0] --------------------------------------------------------------------------------
[Rank 0] 
Snapshot configuration:
[Rank 0]   10 local sites on rank 0
[Rank 0]   Saving raw GPU data to: ../results/simulation/snapshots/
[Rank 0]   Metadata saved to: rank_XXX_sites.pkl
[Rank 0]   Post-processing: python extract_last_species_data.py --snapshot_dir ../results/simulation/snapshots --metadata_dir ../results/simulation --output_dir ../results/simulation/last_year_species
[Rank 0] 
[Rank 0] Year   10/1000  sim:50.24s  gpu→cpu:[site_p:0.000s site_s:0.000s tree_p:0.077s tree_s:0.061s]  save:4.06s  (54.43s batch, 54.4s total)
[Rank 0] Year   20/1000  sim:2.01s  gpu→cpu:[site_p:0.000s site_s:0.000s tree_p:0.092s tree_s:0.075s]  save:4.06s  (6.24s batch, 60.7s total)
[Rank 0] Year   30/1000  sim:2.18s  gpu→cpu:[site_p:0.000s site_s:0.000s tree_p:0.092s tree_s:0.075s]  save:4.09s  (6.43s batch, 67.1s total)
[Rank 0] Year   40/1000  sim:2.31s  gpu→cpu:[site_p:0.000s site_s:0.000s tree_p:0.093s tree_s:0.075s]  save:3.99s  (6.47s batch, 73.6s total)
[Rank 0] Year   50/1000  sim:2.40s  gpu→cpu:[site_p:0.000s site_s:0.000s tree_p:0.093s tree_s:0.076s]  save:4.03s  (6.60s batch, 80.2s total)
[Rank 0] Year   60/1000  sim:2.48s  gpu→cpu:[site_p:0.000s site_s:0.000s tree_p:0.095s tree_s:0.077s]  save:4.02s  (6.67s batch, 86.8s total)
[Rank 0] Year   70/1000  sim:2.59s  gpu→cpu:[site_p:0.000s site_s:0.000s tree_p:0.095s tree_s:0.077s]  save:4.05s  (6.82s batch, 93.7s total)
[Rank 0] Year   80/1000  sim:2.69s  gpu→cpu:[site_p:0.000s site_s:0.000s tree_p:0.095s tree_s:0.077s]  save:4.01s  (6.87s batch, 100.5s total)
[Rank 0] Year   90/1000  sim:2.73s  gpu→cpu:[site_p:0.000s site_s:0.000s tree_p:0.094s tree_s:0.078s]  save:4.05s  (6.95s batch, 107.5s total)
[Rank 0] Year  100/1000  sim:2.85s  gpu→cpu:[site_p:0.000s site_s:0.000s tree_p:0.094s tree_s:0.078s]  save:4.03s  (7.05s batch, 114.5s total)
[Rank 0] Year  110/1000  sim:2.94s  gpu→cpu:[site_p:0.000s site_s:0.000s tree_p:0.094s tree_s:0.078s]  save:4.01s  (7.12s batch, 121.7s total)
[Rank 0] Year  120/1000  sim:3.03s  gpu→cpu:[site_p:0.000s site_s:0.000s tree_p:0.096s tree_s:0.079s]  save:4.00s  (7.21s batch, 128.9s total)
[Rank 0] Year  130/1000  sim:3.04s  gpu→cpu:[site_p:0.000s site_s:0.000s tree_p:0.095s tree_s:0.079s]  save:4.05s  (7.26s batch, 136.1s total)
[Rank 0] Year  140/1000  sim:3.12s  gpu→cpu:[site_p:0.000s site_s:0.000s tree_p:0.095s tree_s:0.077s]  save:4.02s  (7.31s batch, 143.4s total)
[Rank 0] Year  150/1000  sim:3.15s  gpu→cpu:[site_p:0.000s site_s:0.000s tree_p:0.096s tree_s:0.079s]  save:4.01s  (7.34s batch, 150.8s total)
[Rank 0] Year  160/1000  sim:3.24s  gpu→cpu:[site_p:0.000s site_s:0.000s tree_p:0.095s tree_s:0.080s]  save:4.04s  (7.45s batch, 158.2s total)
[Rank 0] Year  170/1000  sim:3.29s  gpu→cpu:[site_p:0.000s site_s:0.000s tree_p:0.096s tree_s:0.079s]  save:4.01s  (7.47s batch, 165.7s total)
[Rank 0] Year  180/1000  sim:3.22s  gpu→cpu:[site_p:0.000s site_s:0.000s tree_p:0.098s tree_s:0.081s]  save:4.02s  (7.42s batch, 173.1s total)
[Rank 0] Year  190/1000  sim:3.24s  gpu→cpu:[site_p:0.000s site_s:0.000s tree_p:0.097s tree_s:0.080s]  save:4.01s  (7.42s batch, 180.5s total)
[Rank 0] Year  200/1000  sim:3.29s  gpu→cpu:[site_p:0.000s site_s:0.000s tree_p:0.098s tree_s:0.079s]  save:4.03s  (7.49s batch, 188.0s total)
[Rank 0] Year  210/1000  sim:3.27s  gpu→cpu:[site_p:0.000s site_s:0.000s tree_p:0.096s tree_s:0.080s]  save:4.01s  (7.46s batch, 195.5s total)
[Rank 0] Year  220/1000  sim:3.32s  gpu→cpu:[site_p:0.000s site_s:0.000s tree_p:0.096s tree_s:0.079s]  save:4.00s  (7.50s batch, 203.0s total)
[Rank 0] Year  230/1000  sim:3.29s  gpu→cpu:[site_p:0.000s site_s:0.000s tree_p:0.098s tree_s:0.081s]  save:4.03s  (7.50s batch, 210.5s total)
[Rank 0] Year  240/1000  sim:3.31s  gpu→cpu:[site_p:0.000s site_s:0.000s tree_p:0.098s tree_s:0.081s]  save:4.01s  (7.51s batch, 218.0s total)
[Rank 0] Year  250/1000  sim:3.32s  gpu→cpu:[site_p:0.000s site_s:0.000s tree_p:0.097s tree_s:0.079s]  save:4.01s  (7.50s batch, 225.5s total)
[Rank 0] Year  260/1000  sim:3.42s  gpu→cpu:[site_p:0.000s site_s:0.000s tree_p:0.100s tree_s:0.079s]  save:4.03s  (7.63s batch, 233.1s total)
[Rank 0] Year  270/1000  sim:3.35s  gpu→cpu:[site_p:0.000s site_s:0.000s tree_p:0.097s tree_s:0.080s]  save:4.02s  (7.55s batch, 240.7s total)
[Rank 0] Year  280/1000  sim:3.39s  gpu→cpu:[site_p:0.000s site_s:0.000s tree_p:0.099s tree_s:0.080s]  save:4.02s  (7.59s batch, 248.3s total)
[Rank 0] Year  290/1000  sim:3.41s  gpu→cpu:[site_p:0.000s site_s:0.000s tree_p:0.100s tree_s:0.082s]  save:4.04s  (7.63s batch, 255.9s total)
[Rank 0] Year  300/1000  sim:3.41s  gpu→cpu:[site_p:0.000s site_s:0.000s tree_p:0.097s tree_s:0.081s]  save:4.00s  (7.59s batch, 263.5s total)
[Rank 0] Year  310/1000  sim:3.41s  gpu→cpu:[site_p:0.000s site_s:0.000s tree_p:0.099s tree_s:0.079s]  save:4.02s  (7.61s batch, 271.1s total)
[Rank 0] Year  320/1000  sim:3.42s  gpu→cpu:[site_p:0.000s site_s:0.000s tree_p:0.098s tree_s:0.079s]  save:4.03s  (7.63s batch, 278.7s total)
[Rank 0] Year  330/1000  sim:3.40s  gpu→cpu:[site_p:0.000s site_s:0.000s tree_p:0.097s tree_s:0.080s]  save:3.98s  (7.56s batch, 286.3s total)
[Rank 0] Year  340/1000  sim:3.46s  gpu→cpu:[site_p:0.000s site_s:0.000s tree_p:0.098s tree_s:0.081s]  save:4.01s  (7.64s batch, 293.9s total)
[Rank 0] Year  350/1000  sim:3.51s  gpu→cpu:[site_p:0.000s site_s:0.000s tree_p:0.098s tree_s:0.081s]  save:4.03s  (7.72s batch, 301.7s total)
[Rank 0] Year  360/1000  sim:3.46s  gpu→cpu:[site_p:0.000s site_s:0.000s tree_p:0.100s tree_s:0.081s]  save:4.02s  (7.65s batch, 309.3s total)
[Rank 0] Year  370/1000  sim:3.45s  gpu→cpu:[site_p:0.000s site_s:0.000s tree_p:0.100s tree_s:0.080s]  save:4.01s  (7.64s batch, 317.0s total)
[Rank 0] Year  380/1000  sim:3.52s  gpu→cpu:[site_p:0.000s site_s:0.000s tree_p:0.097s tree_s:0.081s]  save:4.01s  (7.71s batch, 324.7s total)
[Rank 0] Year  390/1000  sim:3.52s  gpu→cpu:[site_p:0.000s site_s:0.000s tree_p:0.097s tree_s:0.081s]  save:3.99s  (7.68s batch, 332.3s total)
[Rank 0] Year  400/1000  sim:3.50s  gpu→cpu:[site_p:0.000s site_s:0.000s tree_p:0.099s tree_s:0.081s]  save:4.03s  (7.72s batch, 340.1s total)
[Rank 0] Year  410/1000  sim:3.55s  gpu→cpu:[site_p:0.000s site_s:0.000s tree_p:0.099s tree_s:0.082s]  save:4.02s  (7.75s batch, 347.8s total)
[Rank 0] Year  420/1000  sim:3.56s  gpu→cpu:[site_p:0.000s site_s:0.000s tree_p:0.098s tree_s:0.080s]  save:4.01s  (7.74s batch, 355.5s total)
[Rank 0] Year  430/1000  sim:3.51s  gpu→cpu:[site_p:0.000s site_s:0.000s tree_p:0.099s tree_s:0.080s]  save:4.03s  (7.72s batch, 363.3s total)
[Rank 0] Year  440/1000  sim:3.53s  gpu→cpu:[site_p:0.000s site_s:0.000s tree_p:0.097s tree_s:0.081s]  save:4.01s  (7.72s batch, 371.0s total)
[Rank 0] Year  450/1000  sim:3.50s  gpu→cpu:[site_p:0.000s site_s:0.000s tree_p:0.099s tree_s:0.081s]  save:4.01s  (7.70s batch, 378.7s total)
[Rank 0] Year  460/1000  sim:3.50s  gpu→cpu:[site_p:0.000s site_s:0.000s tree_p:0.100s tree_s:0.082s]  save:4.03s  (7.71s batch, 386.4s total)
[Rank 0] Year  470/1000  sim:3.53s  gpu→cpu:[site_p:0.000s site_s:0.000s tree_p:0.099s tree_s:0.081s]  save:4.02s  (7.73s batch, 394.1s total)
[Rank 0] Year  480/1000  sim:3.51s  gpu→cpu:[site_p:0.000s site_s:0.000s tree_p:0.099s tree_s:0.080s]  save:4.04s  (7.73s batch, 401.9s total)
[Rank 0] Year  490/1000  sim:3.58s  gpu→cpu:[site_p:0.000s site_s:0.000s tree_p:0.097s tree_s:0.081s]  save:4.01s  (7.77s batch, 409.6s total)
[Rank 0] Year  500/1000  sim:3.57s  gpu→cpu:[site_p:0.000s site_s:0.000s tree_p:0.097s tree_s:0.082s]  save:4.02s  (7.77s batch, 417.4s total)
[Rank 0] Year  510/1000  sim:3.57s  gpu→cpu:[site_p:0.000s site_s:0.000s tree_p:0.098s tree_s:0.081s]  save:4.01s  (7.76s batch, 425.2s total)
[Rank 0] Year  520/1000  sim:3.60s  gpu→cpu:[site_p:0.000s site_s:0.000s tree_p:0.100s tree_s:0.083s]  save:4.02s  (7.80s batch, 433.0s total)
[Rank 0] Year  530/1000  sim:3.63s  gpu→cpu:[site_p:0.000s site_s:0.000s tree_p:0.099s tree_s:0.081s]  save:4.02s  (7.83s batch, 440.8s total)
[Rank 0] Year  540/1000  sim:3.49s  gpu→cpu:[site_p:0.000s site_s:0.000s tree_p:0.099s tree_s:0.080s]  save:3.99s  (7.66s batch, 448.4s total)
[Rank 0] Year  550/1000  sim:3.50s  gpu→cpu:[site_p:0.000s site_s:0.000s tree_p:0.098s tree_s:0.080s]  save:4.01s  (7.68s batch, 456.1s total)
[Rank 0] Year  560/1000  sim:3.52s  gpu→cpu:[site_p:0.000s site_s:0.000s tree_p:0.098s tree_s:0.082s]  save:3.98s  (7.68s batch, 463.8s total)
[Rank 0] Year  570/1000  sim:3.56s  gpu→cpu:[site_p:0.000s site_s:0.000s tree_p:0.100s tree_s:0.083s]  save:4.03s  (7.78s batch, 471.6s total)
[Rank 0] Year  580/1000  sim:3.57s  gpu→cpu:[site_p:0.000s site_s:0.000s tree_p:0.099s tree_s:0.082s]  save:4.01s  (7.76s batch, 479.3s total)
[Rank 0] Year  590/1000  sim:3.57s  gpu→cpu:[site_p:0.000s site_s:0.000s tree_p:0.100s tree_s:0.081s]  save:4.05s  (7.80s batch, 487.2s total)
[Rank 0] Year  600/1000  sim:3.61s  gpu→cpu:[site_p:0.000s site_s:0.000s tree_p:0.097s tree_s:0.081s]  save:4.04s  (7.82s batch, 495.0s total)
[Rank 0] Year  610/1000  sim:3.63s  gpu→cpu:[site_p:0.000s site_s:0.000s tree_p:0.098s tree_s:0.080s]  save:3.99s  (7.80s batch, 502.8s total)
[Rank 0] Year  620/1000  sim:3.61s  gpu→cpu:[site_p:0.000s site_s:0.000s tree_p:0.099s tree_s:0.082s]  save:4.00s  (7.79s batch, 510.6s total)
[Rank 0] Year  630/1000  sim:3.57s  gpu→cpu:[site_p:0.000s site_s:0.000s tree_p:0.099s tree_s:0.082s]  save:4.01s  (7.76s batch, 518.3s total)
[Rank 0] Year  640/1000  sim:3.59s  gpu→cpu:[site_p:0.000s site_s:0.000s tree_p:0.101s tree_s:0.081s]  save:4.01s  (7.79s batch, 526.1s total)
[Rank 0] Year  650/1000  sim:3.55s  gpu→cpu:[site_p:0.000s site_s:0.000s tree_p:0.100s tree_s:0.081s]  save:4.01s  (7.74s batch, 533.9s total)
[Rank 0] Year  660/1000  sim:3.59s  gpu→cpu:[site_p:0.000s site_s:0.000s tree_p:0.097s tree_s:0.081s]  save:4.02s  (7.79s batch, 541.6s total)
[Rank 0] Year  670/1000  sim:3.61s  gpu→cpu:[site_p:0.000s site_s:0.000s tree_p:0.098s tree_s:0.081s]  save:4.03s  (7.82s batch, 549.5s total)
[Rank 0] Year  680/1000  sim:3.62s  gpu→cpu:[site_p:0.000s site_s:0.000s tree_p:0.100s tree_s:0.083s]  save:4.02s  (7.83s batch, 557.3s total)
[Rank 0] Year  690/1000  sim:3.61s  gpu→cpu:[site_p:0.000s site_s:0.000s tree_p:0.102s tree_s:0.081s]  save:4.02s  (7.81s batch, 565.1s total)
[Rank 0] Year  700/1000  sim:3.58s  gpu→cpu:[site_p:0.000s site_s:0.000s tree_p:0.100s tree_s:0.080s]  save:4.03s  (7.80s batch, 572.9s total)
[Rank 0] Year  710/1000  sim:3.74s  gpu→cpu:[site_p:0.000s site_s:0.000s tree_p:0.099s tree_s:0.080s]  save:4.02s  (7.94s batch, 580.8s total)
[Rank 0] Year  720/1000  sim:3.61s  gpu→cpu:[site_p:0.000s site_s:0.000s tree_p:0.100s tree_s:0.081s]  save:4.05s  (7.84s batch, 588.7s total)
[Rank 0] Year  730/1000  sim:3.61s  gpu→cpu:[site_p:0.000s site_s:0.000s tree_p:0.100s tree_s:0.081s]  save:3.98s  (7.77s batch, 596.4s total)
[Rank 0] Year  740/1000  sim:3.60s  gpu→cpu:[site_p:0.000s site_s:0.000s tree_p:0.100s tree_s:0.082s]  save:3.99s  (7.77s batch, 604.2s total)
[Rank 0] Year  750/1000  sim:3.63s  gpu→cpu:[site_p:0.000s site_s:0.000s tree_p:0.102s tree_s:0.083s]  save:4.03s  (7.84s batch, 612.0s total)
[Rank 0] Year  760/1000  sim:3.64s  gpu→cpu:[site_p:0.000s site_s:0.000s tree_p:0.100s tree_s:0.081s]  save:4.03s  (7.85s batch, 619.9s total)
[Rank 0] Year  770/1000  sim:3.60s  gpu→cpu:[site_p:0.000s site_s:0.000s tree_p:0.098s tree_s:0.082s]  save:4.02s  (7.80s batch, 627.7s total)
[Rank 0] Year  780/1000  sim:3.66s  gpu→cpu:[site_p:0.000s site_s:0.000s tree_p:0.099s tree_s:0.081s]  save:4.03s  (7.87s batch, 635.6s total)
[Rank 0] Year  790/1000  sim:3.61s  gpu→cpu:[site_p:0.000s site_s:0.000s tree_p:0.100s tree_s:0.082s]  save:4.03s  (7.83s batch, 643.4s total)
[Rank 0] Year  800/1000  sim:3.68s  gpu→cpu:[site_p:0.000s site_s:0.000s tree_p:0.100s tree_s:0.083s]  save:4.02s  (7.89s batch, 651.3s total)
[Rank 0] Year  810/1000  sim:3.62s  gpu→cpu:[site_p:0.000s site_s:0.000s tree_p:0.101s tree_s:0.081s]  save:4.00s  (7.80s batch, 659.1s total)
[Rank 0] Year  820/1000  sim:3.64s  gpu→cpu:[site_p:0.000s site_s:0.000s tree_p:0.100s tree_s:0.079s]  save:4.07s  (7.89s batch, 667.0s total)
[Rank 0] Year  830/1000  sim:3.64s  gpu→cpu:[site_p:0.000s site_s:0.000s tree_p:0.098s tree_s:0.082s]  save:4.03s  (7.85s batch, 674.8s total)
[Rank 0] Year  840/1000  sim:3.64s  gpu→cpu:[site_p:0.000s site_s:0.000s tree_p:0.098s tree_s:0.082s]  save:4.05s  (7.87s batch, 682.7s total)
[Rank 0] Year  850/1000  sim:3.67s  gpu→cpu:[site_p:0.000s site_s:0.000s tree_p:0.101s tree_s:0.083s]  save:4.02s  (7.87s batch, 690.6s total)
[Rank 0] Year  860/1000  sim:3.65s  gpu→cpu:[site_p:0.000s site_s:0.000s tree_p:0.098s tree_s:0.081s]  save:4.04s  (7.87s batch, 698.4s total)
[Rank 0] Year  870/1000  sim:3.67s  gpu→cpu:[site_p:0.000s site_s:0.000s tree_p:0.100s tree_s:0.080s]  save:4.05s  (7.90s batch, 706.3s total)
[Rank 0] Year  880/1000  sim:3.63s  gpu→cpu:[site_p:0.000s site_s:0.000s tree_p:0.099s tree_s:0.081s]  save:4.03s  (7.84s batch, 714.2s total)
[Rank 0] Year  890/1000  sim:3.63s  gpu→cpu:[site_p:0.000s site_s:0.000s tree_p:0.098s tree_s:0.082s]  save:4.03s  (7.84s batch, 722.0s total)
[Rank 0] Year  900/1000  sim:3.65s  gpu→cpu:[site_p:0.000s site_s:0.000s tree_p:0.099s tree_s:0.082s]  save:3.99s  (7.82s batch, 729.8s total)
[Rank 0] Year  910/1000  sim:3.64s  gpu→cpu:[site_p:0.000s site_s:0.000s tree_p:0.100s tree_s:0.081s]  save:4.03s  (7.85s batch, 737.7s total)
[Rank 0] Year  920/1000  sim:3.60s  gpu→cpu:[site_p:0.000s site_s:0.000s tree_p:0.100s tree_s:0.082s]  save:4.02s  (7.80s batch, 745.5s total)
[Rank 0] Year  930/1000  sim:3.62s  gpu→cpu:[site_p:0.000s site_s:0.000s tree_p:0.101s tree_s:0.081s]  save:4.01s  (7.80s batch, 753.3s total)
[Rank 0] Year  940/1000  sim:3.64s  gpu→cpu:[site_p:0.000s site_s:0.000s tree_p:0.098s tree_s:0.082s]  save:4.04s  (7.85s batch, 761.1s total)
[Rank 0] Year  950/1000  sim:3.66s  gpu→cpu:[site_p:0.000s site_s:0.000s tree_p:0.098s tree_s:0.081s]  save:4.03s  (7.87s batch, 769.0s total)
[Rank 0] Year  960/1000  sim:3.64s  gpu→cpu:[site_p:0.000s site_s:0.000s tree_p:0.101s tree_s:0.082s]  save:4.05s  (7.87s batch, 776.9s total)
[Rank 0] Year  970/1000  sim:3.63s  gpu→cpu:[site_p:0.000s site_s:0.000s tree_p:0.100s tree_s:0.082s]  save:4.00s  (7.81s batch, 784.7s total)
[Rank 0] Year  980/1000  sim:3.62s  gpu→cpu:[site_p:0.000s site_s:0.000s tree_p:0.099s tree_s:0.080s]  save:4.03s  (7.83s batch, 792.5s total)
[Rank 0] Year  990/1000  sim:3.63s  gpu→cpu:[site_p:0.000s site_s:0.000s tree_p:0.099s tree_s:0.080s]  save:4.07s  (7.88s batch, 800.4s total)
[Rank 0] Year 1000/1000  sim:3.64s  gpu→cpu:[site_p:0.000s site_s:0.000s tree_p:0.099s tree_s:0.081s]  save:4.02s  (7.85s batch, 808.3s total)
[Rank 0] 
================================================================================
[Rank 0] Simulation Complete
[Rank 0]   Total time: 808.26s
[Rank 0]   Time per year: 0.81s
[Rank 0]   Snapshots saved: ../results/simulation/snapshots/
[Rank 0]   To generate CSVs: python extract_last_species_data.py --snapshot_dir ../results/simulation/snapshots --metadata_dir ../results/simulation --output_dir ../results/simulation/last_year_species
[Rank 0] ================================================================================

======================================================================
Production job completed
Exit code: 0
End time: Wed Apr 22 05:13:08 PM EDT 2026

SUCCESS: Production run completed successfully
  Review logs in ../logs/conus_4447217.out
  Snapshots: ../results/simulation/snapshots/
  To generate CSVs: python extract_last_species_data.py --snapshot_dir ../results/simulation/snapshots --metadata_dir ../results/simulation --output_dir ../results/last_year_species
======================================================================
